// Jest Snapshot v1, https://goo.gl/fbAQLP

exports[`<OverlaySelectGroup /> renders 1`] = `"<div class=\\"OverlaySelectGroup__OverlaySelectGroupContainer-iMhecZ iNNeSU\\"></div>"`;
