// Jest Snapshot v1, https://goo.gl/fbAQLP

exports[`<AuthPage /> renders 1`] = `"<div class=\\"columns AuthPage__ColumnsWrapper-dIFxNP jbFEVe\\"><!-- react-empty: 2 --><div class=\\"column has-text-centered auth-page-left-container\\"><h3 class=\\"AuthPage__H3Wrapper-cZQfkt lolVTS\\"><span>Your best friend to help in daily management tasks.</span></h3><img src=\\"IMAGE_MOCK\\" alt=\\"Illustration of a calendar\\"><div class=\\"AuthPage__VersionContainer-gfNiAV hzdMTa\\"><span>Version </span></div></div><div class=\\"column auth-page-right-container AuthPage__RightPanelWrapper-jCFRuh inAMxh\\"><div class=\\"AuthPage__FormTitleWrapper-diEAXu ePtDmx\\"><span class=\\"kowalski-primarily-colored\\"><!-- react-text: 12 --> <!-- /react-text --><img src=\\"IMAGE_MOCK\\" alt=\\"Saturno - Logo\\"></span></div><div class=\\"AuthPage__FormWrapper-bdCXen jYKpgi\\"><form><div class=\\"field\\"><div class=\\"control\\"><input type=\\"text\\" class=\\"input\\" placeholder=\\"Username\\" value=\\"\\"></div></div><div class=\\"field\\"><div class=\\"control\\"><input type=\\"password\\" class=\\"input\\" value=\\"\\"></div></div><div class=\\"control\\"><button class=\\"button is-primary  LoginForm__ButtonWrapper-QBjvv bVNTI\\" type=\\"submit\\"><span>LOGIN</span></button></div><!-- react-text: 25 --><!-- /react-text --></form></div></div></div>"`;
