// Jest Snapshot v1, https://goo.gl/fbAQLP

exports[`<InlineEdit /> when editing content renders 1`] = `"<div class=\\"InlineEdit__Container-iwjTUk imIxCw\\" title=\\"Click for edit\\"><div class=\\"InlineEdit__ContentContainer-kvxWLC cdZpQT\\"><div class=\\"InlineEdit__EditActionsWrapper-eykUov hpOFXo\\"><a class=\\"InlineEdit__CheckChangesButton-fRhjES cHvrUT\\" title=\\"Confirm changes\\"><svg fill=\\"currentColor\\" preserveAspectRatio=\\"xMidYMid meet\\" height=\\"19\\" width=\\"19\\" viewBox=\\"0 0 40 40\\" style=\\"vertical-align:middle;\\"><g><path d=\\"m37.3 12.6q0 0.9-0.6 1.6l-19.2 19.1q-0.6 0.7-1.5 0.7t-1.6-0.7l-11.1-11.1q-0.6-0.6-0.6-1.5t0.6-1.5l3.1-3q0.6-0.7 1.5-0.7t1.5 0.7l6.6 6.5 14.6-14.6q0.6-0.6 1.5-0.6t1.5 0.6l3.1 3q0.6 0.6 0.6 1.5z\\"></path></g></svg></a><a class=\\"InlineEdit__DiscardChangesButton-gqFUEn bWYrP\\" title=\\"Discard changes\\"><svg fill=\\"currentColor\\" preserveAspectRatio=\\"xMidYMid meet\\" height=\\"22\\" width=\\"22\\" viewBox=\\"0 0 40 40\\" style=\\"vertical-align:middle;\\"><g><path d=\\"m29 11c-1.3-1.3-3.4-1.3-4.7 0l-4.3 4.3-4.3-4.3c-1.3-1.3-3.4-1.3-4.7 0-1.3 1.3-1.3 3.4 0 4.7l4.3 4.3-4.3 4.3c-1.3 1.3-1.3 3.4 0 4.7 0.6 0.7 1.5 1 2.3 1s1.7-0.3 2.4-1l4.3-4.3 4.3 4.3c0.7 0.7 1.5 1 2.4 1s1.7-0.3 2.3-1c1.3-1.3 1.3-3.4 0-4.7l-4.3-4.3 4.3-4.3c1.3-1.3 1.3-3.4 0-4.7z\\"></path></g></svg></a></div></div><a class=\\"InlineEdit__ButtonsContainer-cWlMqY hnRZzJ\\"></a></div>"`;

exports[`<InlineEdit /> when in normal state renders 1`] = `"<div class=\\"InlineEdit__Container-iwjTUk hrrFYE\\" title=\\"Click for edit\\"><div class=\\"InlineEdit__ContentContainer-kvxWLC cdZpQT\\"></div><a class=\\"InlineEdit__ButtonsContainer-cWlMqY hnRZzJ\\"><div class=\\"InlineEdit__EditButton-cDVLLs vgvHz\\"><svg fill=\\"currentColor\\" preserveAspectRatio=\\"xMidYMid meet\\" height=\\"18\\" width=\\"18\\" viewBox=\\"0 0 40 40\\" style=\\"vertical-align:middle;\\"><g><path d=\\"m11.1 34.3l2-2-5.2-5.3-2 2v2.4h2.8v2.9h2.4z m11.7-20.7q0-0.5-0.5-0.5-0.2 0-0.4 0.1l-12.1 12.1q-0.1 0.2-0.1 0.4 0 0.5 0.4 0.5 0.3 0 0.4-0.2l12.1-12.1q0.2-0.1 0.2-0.3z m-1.2-4.3l9.3 9.3-18.6 18.5h-9.3v-9.2z m15.2 2.1q0 1.2-0.8 2l-3.7 3.7-9.3-9.2 3.7-3.7q0.8-0.9 2-0.9 1.2 0 2 0.9l5.3 5.2q0.8 0.9 0.8 2z\\"></path></g></svg></div></a></div>"`;

exports[`<InlineEdit /> when is hovered renders 1`] = `"<div class=\\"InlineEdit__Container-iwjTUk imIxCw\\" title=\\"Click for edit\\"><div class=\\"InlineEdit__ContentContainer-kvxWLC cdZpQT\\"></div><a class=\\"InlineEdit__ButtonsContainer-cWlMqY dYxLvb\\"><div class=\\"InlineEdit__EditButton-cDVLLs vgvHz\\"><svg fill=\\"currentColor\\" preserveAspectRatio=\\"xMidYMid meet\\" height=\\"18\\" width=\\"18\\" viewBox=\\"0 0 40 40\\" style=\\"vertical-align:middle;\\"><g><path d=\\"m11.1 34.3l2-2-5.2-5.3-2 2v2.4h2.8v2.9h2.4z m11.7-20.7q0-0.5-0.5-0.5-0.2 0-0.4 0.1l-12.1 12.1q-0.1 0.2-0.1 0.4 0 0.5 0.4 0.5 0.3 0 0.4-0.2l12.1-12.1q0.2-0.1 0.2-0.3z m-1.2-4.3l9.3 9.3-18.6 18.5h-9.3v-9.2z m15.2 2.1q0 1.2-0.8 2l-3.7 3.7-9.3-9.2 3.7-3.7q0.8-0.9 2-0.9 1.2 0 2 0.9l5.3 5.2q0.8 0.9 0.8 2z\\"></path></g></svg></div></a></div>"`;
