// Jest Snapshot v1, https://goo.gl/fbAQLP

exports[`selectProjectsPageDomain selects the proper substate 1`] = `
Immutable.Map {
  testing2: "b",
}
`;
