// Jest Snapshot v1, https://goo.gl/fbAQLP

exports[`<LoadingCentralDiv /> renders 1`] = `"<div class=\\"CentralDiv__CentralDiv-jeadek bbknNc\\"><div class=\\"css-jxiqlq\\"><div class=\\"css-1lt1sep\\"></div><div class=\\"css-1vahj0q\\"></div></div></div>"`;
