// Jest Snapshot v1, https://goo.gl/fbAQLP

exports[`<ConfirmationDialog /> renders 1`] = `"<div class=\\"modal is-active\\"><div class=\\"modal-background\\"></div><div class=\\"modal-card\\"><header class=\\"modal-card-head\\"><p class=\\"modal-card-title\\">Confirmation</p><button class=\\"delete\\" aria-label=\\"close\\"></button></header><section class=\\"modal-card-body\\">something</section><footer class=\\"modal-card-foot\\"><button class=\\"button is-success\\">Confirm</button><button class=\\"button\\">Cancel</button></footer></div></div>"`;
