// Jest Snapshot v1, https://goo.gl/fbAQLP

exports[`<AppCalendar /> renders 1`] = `"<div class=\\"calendar\\"><div class=\\"calendar-nav\\"><div class=\\"calendar-nav-left\\"><button class=\\"button is-text\\"><svg fill=\\"currentColor\\" preserveAspectRatio=\\"xMidYMid meet\\" height=\\"1em\\" width=\\"1em\\" viewBox=\\"0 0 40 40\\" style=\\"vertical-align:middle;\\"><g><path d=\\"m31.1 6.7l-11.8 11.9 11.8 11.8q0.5 0.4 0.5 1t-0.5 1l-3.7 3.7q-0.4 0.5-1 0.5t-1-0.5l-16.5-16.5q-0.5-0.4-0.5-1t0.5-1l16.5-16.6q0.5-0.4 1-0.4t1 0.4l3.7 3.7q0.5 0.4 0.5 1t-0.5 1z\\"></path></g></svg></button></div><div class=\\"yearMonth\\">Object Object</div><div class=\\"calendar-nav-right\\"><button class=\\"button is-text\\"><svg fill=\\"currentColor\\" preserveAspectRatio=\\"xMidYMid meet\\" height=\\"1em\\" width=\\"1em\\" viewBox=\\"0 0 40 40\\" style=\\"vertical-align:middle;\\"><g><path d=\\"m31.2 19.6l-16.6 16.5q-0.4 0.5-1 0.5t-1-0.5l-3.7-3.7q-0.4-0.4-0.4-1t0.4-1l11.9-11.8-11.9-11.9q-0.4-0.4-0.4-1t0.4-1l3.7-3.7q0.5-0.4 1-0.4t1 0.4l16.6 16.6q0.4 0.4 0.4 1t-0.4 1z\\"></path></g></svg></button></div></div><div class=\\"calendar-container\\"><div class=\\"calendar-header\\"><div class=\\"calendar-date\\">Sun</div><div class=\\"calendar-date\\">Mon</div><div class=\\"calendar-date\\">Tue</div><div class=\\"calendar-date\\">Wed</div><div class=\\"calendar-date\\">Thu</div><div class=\\"calendar-date\\">Fri</div><div class=\\"calendar-date\\">Sat</div></div><div class=\\"calendar-body\\"><div class=\\"calendar-date  is-disabled calendar-range range-start\\"><button class=\\"date-item  is-active\\">26</button></div><div class=\\"calendar-date  is-disabled calendar-range\\"><button class=\\"date-item \\">27</button></div><div class=\\"calendar-date  is-disabled calendar-range\\"><button class=\\"date-item \\">28</button></div><div class=\\"calendar-date  is-disabled calendar-range\\"><button class=\\"date-item \\">29</button></div><div class=\\"calendar-date  is-disabled calendar-range\\"><button class=\\"date-item \\">30</button></div><div class=\\"calendar-date  is-disabled calendar-range\\"><button class=\\"date-item \\">31</button></div><div class=\\"calendar-date  calendar-range range-end\\"><button class=\\"date-item  is-active is-active\\">1</button></div><div class=\\"calendar-date  tooltip\\" data-tooltip=\\"Testing tooltip\\"><button class=\\"date-item \\">2</button></div><div class=\\"calendar-date \\"><button class=\\"date-item \\">3</button></div><div class=\\"calendar-date \\"><button class=\\"date-item \\">4</button></div><div class=\\"calendar-date \\"><button class=\\"date-item \\">5</button></div><div class=\\"calendar-date \\"><button class=\\"date-item \\">6</button></div><div class=\\"calendar-date \\"><button class=\\"date-item \\">7</button></div><div class=\\"calendar-date \\"><button class=\\"date-item \\">8</button></div><div class=\\"calendar-date \\"><button class=\\"date-item \\">9</button></div><div class=\\"calendar-date \\"><button class=\\"date-item \\">10</button></div><div class=\\"calendar-date \\"><button class=\\"date-item \\">11</button></div><div class=\\"calendar-date \\"><button class=\\"date-item \\">12</button></div><div class=\\"calendar-date \\"><button class=\\"date-item \\">13</button></div><div class=\\"calendar-date \\"><button class=\\"date-item \\">14</button></div><div class=\\"calendar-date \\"><button class=\\"date-item \\">15</button></div><div class=\\"calendar-date \\"><button class=\\"date-item \\">16</button></div><div class=\\"calendar-date \\"><button class=\\"date-item \\">17</button></div><div class=\\"calendar-date \\"><button class=\\"date-item \\">18</button></div><div class=\\"calendar-date \\"><button class=\\"date-item \\">19</button></div><div class=\\"calendar-date \\"><button class=\\"date-item \\">20</button></div><div class=\\"calendar-date \\"><button class=\\"date-item \\">21</button></div><div class=\\"calendar-date \\"><button class=\\"date-item \\">22</button></div><div class=\\"calendar-date \\"><button class=\\"date-item \\">23</button></div><div class=\\"calendar-date \\"><button class=\\"date-item \\">24</button></div><div class=\\"calendar-date \\"><button class=\\"date-item \\">25</button></div><div class=\\"calendar-date \\"><button class=\\"date-item \\">26</button></div><div class=\\"calendar-date \\"><button class=\\"date-item \\">27</button></div><div class=\\"calendar-date \\"><button class=\\"date-item \\">28</button></div><div class=\\"calendar-date  is-disabled\\"><button class=\\"date-item \\">1</button></div></div></div></div>"`;
