// Jest Snapshot v1, https://goo.gl/fbAQLP

exports[`selectProjectPageDomain selects the proper substate 1`] = `
Immutable.Map {
}
`;
