// Jest Snapshot v1, https://goo.gl/fbAQLP

exports[`<InlineLabelEdit /> renders the value 1`] = `"<div class=\\"InlineEdit__Container-iwjTUk eHkAhw\\"><div class=\\"InlineEdit__ContentContainer-kvxWLC cdZpQT\\"><input type=\\"text\\" class=\\"InlineLabelEdit__Input-izYWLY eRqDwh\\" value=\\"my testing label initial value\\"><div class=\\"EditActions__EditActionsWrapper-ftJlAD iDsSJs\\"><a class=\\"EditActions__CheckChangesButton-bTUFoa gXLEtU\\" title=\\"Confirm changes\\"><svg fill=\\"currentColor\\" preserveAspectRatio=\\"xMidYMid meet\\" height=\\"19\\" width=\\"19\\" viewBox=\\"0 0 40 40\\" style=\\"vertical-align: middle;\\"><g><path d=\\"m37.3 12.6q0 0.9-0.6 1.6l-19.2 19.1q-0.6 0.7-1.5 0.7t-1.6-0.7l-11.1-11.1q-0.6-0.6-0.6-1.5t0.6-1.5l3.1-3q0.6-0.7 1.5-0.7t1.5 0.7l6.6 6.5 14.6-14.6q0.6-0.6 1.5-0.6t1.5 0.6l3.1 3q0.6 0.6 0.6 1.5z\\"></path></g></svg></a><a class=\\"EditActions__DiscardChangesButton-jzKdhF jclCtP\\" title=\\"Discard changes\\"><svg fill=\\"currentColor\\" preserveAspectRatio=\\"xMidYMid meet\\" height=\\"22\\" width=\\"22\\" viewBox=\\"0 0 40 40\\" style=\\"vertical-align: middle;\\"><g><path d=\\"m29 11c-1.3-1.3-3.4-1.3-4.7 0l-4.3 4.3-4.3-4.3c-1.3-1.3-3.4-1.3-4.7 0-1.3 1.3-1.3 3.4 0 4.7l4.3 4.3-4.3 4.3c-1.3 1.3-1.3 3.4 0 4.7 0.6 0.7 1.5 1 2.3 1s1.7-0.3 2.4-1l4.3-4.3 4.3 4.3c0.7 0.7 1.5 1 2.4 1s1.7-0.3 2.3-1c1.3-1.3 1.3-3.4 0-4.7l-4.3-4.3 4.3-4.3c1.3-1.3 1.3-3.4 0-4.7z\\"></path></g></svg></a></div></div></div>"`;
