// Jest Snapshot v1, https://goo.gl/fbAQLP

exports[`<CentralDiv /> renders 1`] = `"<div class=\\"CentralDiv__CentralDiv-jeadek bbknNc\\"></div>"`;
