// Jest Snapshot v1, https://goo.gl/fbAQLP

exports[`<NoResourcesIndication /> renders 1`] = `"<div class=\\"NoResourcesIndication__Container-ljeacB bckeoK\\"><span>There are no users registered :(</span></div>"`;
